
> m-bingo-frontend@0.1.0 build
> next build

Γû▓ Next.js 16.1.6 (Turbopack)
- Environments: .env

  Creating an optimized production build ...
node.exe : 
At C:\nvm4w\nodejs\npm.
ps1:16 char:5
+     & 
"$basedir/node$exe"  "$
basedir/node_modules/np
m/bin/npm-cli.js" ...
+     ~~~~~~~~~~~~~~~~~
~~~~~~~~~~~~~~~~~~~~~~~
~~~~~~~~~~~~~~~~~~~~~~~
~~
    + CategoryInfo     
         : NotSpecifi  
  ed: (:String) [],    
 RemoteException
    + FullyQualifiedEr 
   rorId : NativeComm  
  andError
 
> Build error occurred
Error: Turbopack build 
failed with 5 errors:
./app/settings/page.tsx
:7:1
Module not found: 
Can't resolve '@/compon
ents/ui/select'
[0m [90m  5 |[39m 
[36mimport[39m { 
[33mSwitch[39m } 
[36mfrom[39m [32m"@/
components/ui/switch"[
39m[33m;[39m
 [90m  6 |[39m 
[36mimport[39m { 
[33mButton[39m } 
[36mfrom[39m [32m"@/
components/ui/button"[
39m[33m;[39m
[31m[1m>[22m[39m[9
0m  7 |[39m 
[36mimport[39m {
 [90m    |[39m [31m
[1m^[22m[39m[31m[1m
^[22m[39m[31m[1m^[
22m[39m[31m[1m^[22m
[39m[31m[1m^[22m[3
9m[31m[1m^[22m[39m
[31m[1m^[22m[39m[31
m[1m^[22m[39m
[31m[1m>[22m[39m[9
0m  8 |[39m   [33mSel
ect[39m[33m,[39m
 [90m    |[39m [31m
[1m^[22m[39m[31m[1m
^[22m[39m[31m[1m^[
22m[39m[31m[1m^[22m
[39m[31m[1m^[22m[3
9m[31m[1m^[22m[39m
[31m[1m^[22m[39m[31
m[1m^[22m[39m[31m[
1m^[22m[39m
[31m[1m>[22m[39m[9
0m  9 |[39m   [33mSel
ectContent[39m[33m,[
39m
 [90m    |[39m [31m
[1m^[22m[39m[31m[1m
^[22m[39m[31m[1m^[
22m[39m[31m[1m^[22m
[39m[31m[1m^[22m[3
9m[31m[1m^[22m[39m
[31m[1m^[22m[39m[31
m[1m^[22m[39m[31m[
1m^[22m[39m
[31m[1m>[22m[39m[9
0m 10 |[39m   [33mSel
ectItem[39m[33m,[39m
 [90m    |[39m [31m
[1m^[22m[39m[31m[1m
^[22m[39m[31m[1m^[
22m[39m[31m[1m^[22m
[39m[31m[1m^[22m[3
9m[31m[1m^[22m[39m
[31m[1m^[22m[39m[31
m[1m^[22m[39m[31m[
1m^[22m[39m
[31m[1m>[22m[39m[9
0m 11 |[39m   [33mSel
ectTrigger[39m[33m,[
39m
 [90m    |[39m [31m
[1m^[22m[39m[31m[1m
^[22m[39m[31m[1m^[
22m[39m[31m[1m^[22m
[39m[31m[1m^[22m[3
9m[31m[1m^[22m[39m
[31m[1m^[22m[39m[31
m[1m^[22m[39m[31m[
1m^[22m[39m
[31m[1m>[22m[39m[9
0m 12 |[39m   [33mSel
ectValue[39m[33m,[39
m
 [90m    |[39m [31m
[1m^[22m[39m[31m[1m
^[22m[39m[31m[1m^[
22m[39m[31m[1m^[22m
[39m[31m[1m^[22m[3
9m[31m[1m^[22m[39m
[31m[1m^[22m[39m[31
m[1m^[22m[39m[31m[
1m^[22m[39m
[31m[1m>[22m[39m[9
0m 13 |[39m } 
[36mfrom[39m [32m"@/
components/ui/select"[
39m[33m;[39m
 [90m    |[39m [31m
[1m^[22m[39m[31m[1m
^[22m[39m[31m[1m^[
22m[39m[31m[1m^[22m
[39m[31m[1m^[22m[3
9m[31m[1m^[22m[39m
[31m[1m^[22m[39m[31
m[1m^[22m[39m[31m[
1m^[22m[39m[31m[1m^
[22m[39m[31m[1m^[2
2m[39m[31m[1m^[22m
[39m[31m[1m^[22m[39
m[31m[1m^[22m[39m[
31m[1m^[22m[39m[31m
[1m^[22m[39m[31m[1
m^[22m[39m[31m[1m^
[22m[39m[31m[1m^[22
m[39m[31m[1m^[22m[
39m[31m[1m^[22m[39m
[31m[1m^[22m[39m[3
1m[1m^[22m[39m[31m
[1m^[22m[39m[31m[1m
^[22m[39m[31m[1m^[
22m[39m[31m[1m^[22m
[39m[31m[1m^[22m[3
9m[31m[1m^[22m[39m
[31m[1m^[22m[39m[31
m[1m^[22m[39m[31m[
1m^[22m[39m[31m[1m^
[22m[39m
 [90m 14 |[39m 
[36mimport[39m { 
useTheme } 
[36mfrom[39m [32m"ne
xt-themes"[39m[33m;[
39m
 [90m 15 |[39m 
[36mimport[39m {
 [90m 16 |[39m   [33
mVolume2[39m[33m,[39
m[0m

Import map: aliased to 
relative './components/
ui/select' inside of 
[project]/


Import traces:
  Client Component 
Browser:
    ./app/settings/page
.tsx [Client Component 
Browser]
    ./app/settings/page
.tsx [Server Component]

  Client Component SSR:
    ./app/settings/page
.tsx [Client Component 
SSR]
    ./app/settings/page
.tsx [Server Component]

https://nextjs.org/docs
/messages/module-not-fo
und


./app/settings/page.tsx
:5:1
Module not found: 
Can't resolve '@/compon
ents/ui/switch'
[0m [90m 3 |[39m 
[36mimport[39m { 
useAuth } 
[36mfrom[39m [32m"@/
providers/auth.provider
"[39m[33m;[39m
 [90m 4 |[39m 
[36mimport[39m { 
[33mCard[39m } 
[36mfrom[39m [32m"@/
components/ui/card"[39
m[33m;[39m
[31m[1m>[22m[39m[9
0m 5 |[39m 
[36mimport[39m { 
[33mSwitch[39m } 
[36mfrom[39m [32m"@/
components/ui/switch"[
39m[33m;[39m
 [90m   |[39m [31m[
1m^[22m[39m[31m[1m^
[22m[39m[31m[1m^[2
2m[39m[31m[1m^[22m
[39m[31m[1m^[22m[39
m[31m[1m^[22m[39m[
31m[1m^[22m[39m[31m
[1m^[22m[39m[31m[1
m^[22m[39m[31m[1m^
[22m[39m[31m[1m^[22
m[39m[31m[1m^[22m[
39m[31m[1m^[22m[39m
[31m[1m^[22m[39m[3
1m[1m^[22m[39m[31m
[1m^[22m[39m[31m[1m
^[22m[39m[31m[1m^[
22m[39m[31m[1m^[22m
[39m[31m[1m^[22m[3
9m[31m[1m^[22m[39m
[31m[1m^[22m[39m[31
m[1m^[22m[39m[31m[
1m^[22m[39m[31m[1m^
[22m[39m[31m[1m^[2
2m[39m[31m[1m^[22m
[39m[31m[1m^[22m[39
m[31m[1m^[22m[39m[
31m[1m^[22m[39m[31m
[1m^[22m[39m[31m[1
m^[22m[39m[31m[1m^
[22m[39m[31m[1m^[22
m[39m[31m[1m^[22m[
39m[31m[1m^[22m[39m
[31m[1m^[22m[39m[3
1m[1m^[22m[39m[31m
[1m^[22m[39m[31m[1m
^[22m[39m[31m[1m^[
22m[39m[31m[1m^[22m
[39m[31m[1m^[22m[3
9m[31m[1m^[22m[39m
[31m[1m^[22m[39m[31
m[1m^[22m[39m[31m[
1m^[22m[39m[31m[1m^
[22m[39m
 [90m 6 |[39m 
[36mimport[39m { 
[33mButton[39m } 
[36mfrom[39m [32m"@/
components/ui/button"[
39m[33m;[39m
 [90m 7 |[39m 
[36mimport[39m {
 [90m 8 |[39m   [33m
Select[39m[33m,[39m
[0m

Import map: aliased to 
relative './components/
ui/switch' inside of 
[project]/


Import traces:
  Client Component 
Browser:
    ./app/settings/page
.tsx [Client Component 
Browser]
    ./app/settings/page
.tsx [Server Component]

  Client Component SSR:
    ./app/settings/page
.tsx [Client Component 
SSR]
    ./app/settings/page
.tsx [Server Component]

https://nextjs.org/docs
/messages/module-not-fo
und


./app/wallet/page.tsx:8
:1
Module not found: 
Can't resolve 
'@/components/ui/tabs'
[0m [90m  6 |[39m 
[36mimport[39m { 
[33mButton[39m } 
[36mfrom[39m [32m"@/
components/ui/button"[
39m[33m;[39m
 [90m  7 |[39m 
[36mimport[39m { 
[33mBadge[39m } 
[36mfrom[39m [32m"@/
components/ui/badge"[3
9m[33m;[39m
[31m[1m>[22m[39m[9
0m  8 |[39m 
[36mimport[39m { [33
mTabs[39m[33m,[39m 
[33mTabsContent[39m[3
3m,[39m [33mTabsList
[39m[33m,[39m 
[33mTabsTrigger[39m 
} [36mfrom[39m [32m"
@/components/ui/tabs"[
39m[33m;[39m
 [90m    |[39m [31m
[1m^[22m[39m[31m[1m
^[22m[39m[31m[1m^[
22m[39m[31m[1m^[22m
[39m[31m[1m^[22m[3
9m[31m[1m^[22m[39m
[31m[1m^[22m[39m[31
m[1m^[22m[39m[31m[
1m^[22m[39m[31m[1m^
[22m[39m[31m[1m^[2
2m[39m[31m[1m^[22m
[39m[31m[1m^[22m[39
m[31m[1m^[22m[39m[
31m[1m^[22m[39m[31m
[1m^[22m[39m[31m[1
m^[22m[39m[31m[1m^
[22m[39m[31m[1m^[22
m[39m[31m[1m^[22m[
39m[31m[1m^[22m[39m
[31m[1m^[22m[39m[3
1m[1m^[22m[39m[31m
[1m^[22m[39m[31m[1m
^[22m[39m[31m[1m^[
22m[39m[31m[1m^[22m
[39m[31m[1m^[22m[3
9m[31m[1m^[22m[39m
[31m[1m^[22m[39m[31
m[1m^[22m[39m[31m[
1m^[22m[39m[31m[1m^
[22m[39m[31m[1m^[2
2m[39m[31m[1m^[22m
[39m[31m[1m^[22m[39
m[31m[1m^[22m[39m[
31m[1m^[22m[39m[31m
[1m^[22m[39m[31m[1
m^[22m[39m[31m[1m^
[22m[39m[31m[1m^[22
m[39m[31m[1m^[22m[
39m[31m[1m^[22m[39m
[31m[1m^[22m[39m[3
1m[1m^[22m[39m[31m
[1m^[22m[39m[31m[1m
^[22m[39m[31m[1m^[
22m[39m[31m[1m^[22m
[39m[31m[1m^[22m[3
9m[31m[1m^[22m[39m
[31m[1m^[22m[39m[31
m[1m^[22m[39m[31m[
1m^[22m[39m[31m[1m^
[22m[39m[31m[1m^[2
2m[39m[31m[1m^[22m
[39m[31m[1m^[22m[39
m[31m[1m^[22m[39m[
31m[1m^[22m[39m[31m
[1m^[22m[39m[31m[1
m^[22m[39m[31m[1m^
[22m[39m[31m[1m^[22
m[39m[31m[1m^[22m[
39m[31m[1m^[22m[39m
[31m[1m^[22m[39m[3
1m[1m^[22m[39m[31m
[1m^[22m[39m[31m[1m
^[22m[39m[31m[1m^[
22m[39m[31m[1m^[22m
[39m[31m[1m^[22m[3
9m[31m[1m^[22m[39m
[31m[1m^[22m[39m[31
m[1m^[22m[39m[31m[
1m^[22m[39m[31m[1m^
[22m[39m[31m[1m^[2
2m[39m
 [90m  9 |[39m 
[36mimport[39m {
 [90m 10 |[39m   [33
mArrowUpRight[39m[33m
,[39m
 [90m 11 |[39m   [33
mArrowDownLeft[39m[33
m,[39m[0m

Import map: aliased to 
relative 
'./components/ui/tabs' 
inside of [project]/


Import traces:
  Client Component 
Browser:
    
./app/wallet/page.tsx 
[Client Component 
Browser]
    
./app/wallet/page.tsx 
[Server Component]

  Client Component SSR:
    
./app/wallet/page.tsx 
[Client Component SSR]
    
./app/wallet/page.tsx 
[Server Component]

https://nextjs.org/docs
/messages/module-not-fo
und


./app/deposit/DepositFo
rm.tsx:6:1
Module not found: 
Can't resolve '@/compon
ents/ui/textarea'
[0m [90m 4 |[39m 
[36mimport[39m { 
[33mButton[39m } 
[36mfrom[39m [32m"@/
components/ui/button"[
39m[33m;[39m
 [90m 5 |[39m 
[36mimport[39m { [33
mCheck[39m[33m,[39m 
[33mCopy[39m } 
[36mfrom[39m [32m"lu
cide-react"[39m[33m;
[39m
[31m[1m>[22m[39m[9
0m 6 |[39m 
[36mimport[39m { 
[33mTextarea[39m } 
[36mfrom[39m [32m"@/
components/ui/textarea"
[39m[33m;[39m
 [90m   |[39m [31m[
1m^[22m[39m[31m[1m^
[22m[39m[31m[1m^[2
2m[39m[31m[1m^[22m
[39m[31m[1m^[22m[39
m[31m[1m^[22m[39m[
31m[1m^[22m[39m[31m
[1m^[22m[39m[31m[1
m^[22m[39m[31m[1m^
[22m[39m[31m[1m^[22
m[39m[31m[1m^[22m[
39m[31m[1m^[22m[39m
[31m[1m^[22m[39m[3
1m[1m^[22m[39m[31m
[1m^[22m[39m[31m[1m
^[22m[39m[31m[1m^[
22m[39m[31m[1m^[22m
[39m[31m[1m^[22m[3
9m[31m[1m^[22m[39m
[31m[1m^[22m[39m[31
m[1m^[22m[39m[31m[
1m^[22m[39m[31m[1m^
[22m[39m[31m[1m^[2
2m[39m[31m[1m^[22m
[39m[31m[1m^[22m[39
m[31m[1m^[22m[39m[
31m[1m^[22m[39m[31m
[1m^[22m[39m[31m[1
m^[22m[39m[31m[1m^
[22m[39m[31m[1m^[22
m[39m[31m[1m^[22m[
39m[31m[1m^[22m[39m
[31m[1m^[22m[39m[3
1m[1m^[22m[39m[31m
[1m^[22m[39m[31m[1m
^[22m[39m[31m[1m^[
22m[39m[31m[1m^[22m
[39m[31m[1m^[22m[3
9m[31m[1m^[22m[39m
[31m[1m^[22m[39m[31
m[1m^[22m[39m[31m[
1m^[22m[39m[31m[1m^
[22m[39m[31m[1m^[2
2m[39m[31m[1m^[22m
[39m[31m[1m^[22m[39
m[31m[1m^[22m[39m
 [90m 7 |[39m 
[36mimport[39m { 
useForm } 
[36mfrom[39m [32m"re
act-hook-form"[39m[33
m;[39m
 [90m 8 |[39m 
[36mimport[39m { z } 
[36mfrom[39m [32m"zo
d"[39m[33m;[39m
 [90m 9 |[39m 
[36mimport[39m { 
zodResolver } 
[36mfrom[39m [32m"@h
ookform/resolvers/zod"
[39m[33m;[39m[0m

Import map: aliased to 
relative './components/
ui/textarea' inside of 
[project]/


Import trace:
  Server Component:
    ./app/deposit/Depos
itForm.tsx
    
./app/deposit/page.tsx

https://nextjs.org/docs
/messages/module-not-fo
und


./app/settings/page.tsx
:34:1
Module not found: 
Can't resolve 
'@/lib/i18n/locale'
[0m [90m 32 |[39m 
[36mimport[39m { 
useLocale[33m,[39m 
useTranslations } 
[36mfrom[39m [32m"ne
xt-intl"[39m[33m;[39
m
 [90m 33 |[39m 
[36mimport[39m type 
{ [33mLocale[39m } 
[36mfrom[39m [32m"@/
lib/i18n/config"[39m[
33m;[39m
[31m[1m>[22m[39m[9
0m 34 |[39m 
[36mimport[39m { setL
ocaleCookie[33m,[39m 
setStoredLocale } 
[36mfrom[39m [32m"@/
lib/i18n/locale"[39m[
33m;[39m
 [90m    |[39m [31m
[1m^[22m[39m[31m[1m
^[22m[39m[31m[1m^[
22m[39m[31m[1m^[22m
[39m[31m[1m^[22m[3
9m[31m[1m^[22m[39m
[31m[1m^[22m[39m[31
m[1m^[22m[39m[31m[
1m^[22m[39m[31m[1m^
[22m[39m[31m[1m^[2
2m[39m[31m[1m^[22m
[39m[31m[1m^[22m[39
m[31m[1m^[22m[39m[
31m[1m^[22m[39m[31m
[1m^[22m[39m[31m[1
m^[22m[39m[31m[1m^
[22m[39m[31m[1m^[22
m[39m[31m[1m^[22m[
39m[31m[1m^[22m[39m
[31m[1m^[22m[39m[3
1m[1m^[22m[39m[31m
[1m^[22m[39m[31m[1m
^[22m[39m[31m[1m^[
22m[39m[31m[1m^[22m
[39m[31m[1m^[22m[3
9m[31m[1m^[22m[39m
[31m[1m^[22m[39m[31
m[1m^[22m[39m[31m[
1m^[22m[39m[31m[1m^
[22m[39m[31m[1m^[2
2m[39m[31m[1m^[22m
[39m[31m[1m^[22m[39
m[31m[1m^[22m[39m[
31m[1m^[22m[39m[31m
[1m^[22m[39m[31m[1
m^[22m[39m[31m[1m^
[22m[39m[31m[1m^[22
m[39m[31m[1m^[22m[
39m[31m[1m^[22m[39m
[31m[1m^[22m[39m[3
1m[1m^[22m[39m[31m
[1m^[22m[39m[31m[1m
^[22m[39m[31m[1m^[
22m[39m[31m[1m^[22m
[39m[31m[1m^[22m[3
9m[31m[1m^[22m[39m
[31m[1m^[22m[39m[31
m[1m^[22m[39m[31m[
1m^[22m[39m[31m[1m^
[22m[39m[31m[1m^[2
2m[39m[31m[1m^[22m
[39m[31m[1m^[22m[39
m[31m[1m^[22m[39m[
31m[1m^[22m[39m[31m
[1m^[22m[39m[31m[1
m^[22m[39m[31m[1m^
[22m[39m[31m[1m^[22
m[39m[31m[1m^[22m[
39m[31m[1m^[22m[39m
[31m[1m^[22m[39m[3
1m[1m^[22m[39m
 [90m 35 |[39m 
[36mimport[39m { 
useRouter } 
[36mfrom[39m [32m"ne
xt/navigation"[39m[33
m;[39m
 [90m 36 |[39m
 [90m 37 |[39m 
[36mexport[39m 
[36mdefault[39m 
[36mfunction[39m [33
mSettingsPage[39m() 
{[0m

Import map: aliased to 
relative 
'./lib/i18n/locale' 
inside of [project]/


Import traces:
  Client Component 
Browser:
    ./app/settings/page
.tsx [Client Component 
Browser]
    ./app/settings/page
.tsx [Server Component]

  Client Component SSR:
    ./app/settings/page
.tsx [Client Component 
SSR]
    ./app/settings/page
.tsx [Server Component]

https://nextjs.org/docs
/messages/module-not-fo
und


    at <unknown> (./app
/settings/page.tsx:7:1)
    at <unknown> (https
://nextjs.org/docs/mess
ages/module-not-found)
    at <unknown> (./app
/settings/page.tsx:5:1)
    at <unknown> (https
://nextjs.org/docs/mess
ages/module-not-found)
    at <unknown> (./app
/wallet/page.tsx:8:1)
    at <unknown> (https
://nextjs.org/docs/mess
ages/module-not-found)
    at <unknown> (./app
/deposit/DepositForm.ts
x:6:1)
    at <unknown> (https
://nextjs.org/docs/mess
ages/module-not-found)
    at <unknown> (./app
/settings/page.tsx:34:1
)
    at <unknown> (https
://nextjs.org/docs/mess
ages/module-not-found)
