app/deposit/DepositForm.tsx(6,26): error TS2307: Cannot find module '@/components/ui/textarea' or its corresponding type declarations.
app/profile/page.tsx(21,27): error TS2306: File 'C:/Users/apple/Projects/M-Bingo/frontend/components/referral/ReferralStats.tsx' is not a module.
app/profile/page.tsx(69,25): error TS2339: Property 'createdAt' does not exist on type 'AuthUser'.
app/profile/page.tsx(70,21): error TS2339: Property 'createdAt' does not exist on type 'AuthUser'.
app/settings/page.tsx(5,24): error TS2307: Cannot find module '@/components/ui/switch' or its corresponding type declarations.
app/settings/page.tsx(13,8): error TS2307: Cannot find module '@/components/ui/select' or its corresponding type declarations.
app/wallet/page.tsx(8,58): error TS2307: Cannot find module '@/components/ui/tabs' or its corresponding type declarations.
